93
0,0
1,0
1,1
0,1
1/8,0
0,1/8
1/4,0
1,3/4
5/16,1/16
0,3/8
3/8,0
1/16,5/16
0,1/4
3/4,1
3/4,0
1,1/4
5/8,3/8
1/8,3/8
1/8,1
5/8,0
7/16,3/16
1/4,3/8
7/8,1
1/8,1/2
0,5/8
5/8,1
1,3/8
7/8,0
1,1/8
3/8,1/8
3/8,1/4
1/2,1/4
3/8,1/2
3/8,5/8
3/4,1/2
1/4,5/8
1/4,1
1/2,1/8
7/8,1/8
3/4,1/8
1/2,1/2
0,3/4
1/8,7/8
1/4,3/4
1/2,1
3/4,1/4
1,1/2
9/16,5/16
1/2,3/8
7/16,11/16
1/2,5/8
9/16,7/16
5/8,1/2
9/16,9/16
1/16,13/16
1/8,3/4
0,7/8
3/8,3/4
3/16,13/16
1/4,7/8
5/16,13/16
5/8,1/4
15/16,3/16
7/8,1/4
11/16,5/16
3/4,3/8
13/16,5/16
3/4,7/8
7/8,7/8
7/8,5/8
1,5/8
5/8,3/4
9/16,13/16
11/16,11/16
13/16,9/16
1/2,7/8
7/16,15/16
3/8,1
15/16,7/16
1/2,3/4
5/8,7/8
5/8,5/8
3/4,3/4
3/4,5/8
3/8,7/8
7/8,3/8
7/8,1/2
13/16,15/16
11/16,15/16
13/16,13/16
7/8,3/4
15/16,13/16
1,7/8
91
6 4 6 8 11 12 5
3 12 9 11
6 29 8 11 17 21 30
3 30 29 20
5 21 30 31 47 48
3 48 16 47
3 31 20 30
4 17 21 32 33
4 33 49 50 32
4 50 71 79 49
3 79 72 71
4 80 88 67 71
3 67 13 88
3 71 80 72
3 13 87 67
4 87 22 22 13
5 48 21 32 40 51
3 51 48 16
3 40 51 52
4 52 34 16 51
4 32 40 53 50
4 50 71 81 53
3 81 73 71
4 82 89 67 71
3 67 68 89
3 71 82 73
3 68 87 67
4 87 22 2 68
3 52 40 53
6 53 52 34 74 83 81
3 81 73 83
6 82 89 90 69 74 83
3 90 68 89
3 83 82 73
4 69 7 91 90
3 90 68 91
3 92 7 91
4 91 92 2 68
5 11 17 23 24 9
5 24 41 54 55 23
3 55 42 54
3 56 41 54
5 54 56 3 18 42
4 33 17 23 35
4 35 33 49 57
4 57 75 79 49
3 79 72 75
4 80 88 25 75
3 25 13 88
3 75 80 72
5 23 35 43 58 55
3 55 42 58
3 59 43 58
5 58 59 36 18 42
4 57 35 43 60
4 60 57 75 84
3 84 76 75
4 44 25 25 75
3 75 44 76
3 43 60 59
5 59 36 77 84 60
3 84 76 77
3 77 44 76
3 10 6 8
5 8 10 19 37 29
3 29 20 37
5 31 47 61 19 37
3 61 16 47
3 37 31 20
4 38 14 19 39
4 39 38 62 63
4 63 26 15 62
5 19 39 45 64 61
3 61 16 64
3 65 45 64
4 64 65 34 16
4 63 39 45 66
4 66 63 26 85
3 85 78 26
3 26 46 78
3 45 66 65
6 65 34 74 86 85 66
3 85 78 86
5 46 70 69 74 86
3 86 46 78
3 69 7 70
3 14 27 38
4 38 62 28 27
3 28 15 62
3 27 1 28
3 5 4 0
1/8,1/8
1/4,0
1/8,1/8
1/8,1/8
1/8,0
0,1/8
1/4,0
1/4,0
5/16,1/16
1/8,1/4
1/4,1/8
1/16,5/16
0,1/4
1/4,0
1/8,1/8
1/4,0
1/4,0
0,1/4
1/8,0
0,1/8
3/16,1/16
0,1/8
1/4,1/8
0,1/8
1/8,0
1/4,1/8
1/8,0
1/8,0
1/4,1/8
1/4,0
1/8,0
1/4,0
1/8,0
1/4,0
1/8,1/8
1/8,0
1/8,1/8
1/8,0
1/4,0
1/8,0
1/4,0
1/4,0
1/4,0
1/4,0
1/4,0
1/4,0
1/4,0
5/16,1/16
1/4,1/8
5/16,1/16
1/4,1/8
5/16,1/16
1/4,1/8
5/16,1/16
5/16,1/16
1/4,1/8
1/4,1/8
1/4,1/8
5/16,1/16
1/4,1/8
5/16,1/16
1/4,1/8
5/16,1/16
1/4,1/8
5/16,1/16
1/4,1/8
5/16,1/16
1/4,1/8
1/4,0
1/8,1/8
1/4,1/8
1/8,0
3/16,1/16
3/16,1/16
1/16,1/16
1/8,0
3/16,1/16
1/8,0
3/16,1/16
1/4,0
1/4,0
1/4,0
1/4,0
1/8,0
1/4,0
1/4,0
1/8,0
5/16,1/16
5/16,1/16
5/16,1/16
1/4,1/8
5/16,1/16
1/4,1/8
