6
0,0
1,0
1,1
0,1
1,2/3
0,1/3
2
4 4 2 3 5
4 5 4 1 0
-1/5,3/5
3/5,6/5
1,1
0,1
1,2/3
0,1/3
