9
0,0
1,0
1,1
0,1
1,2/3
0,1/3
2/3,1
1/2,1/2
1,2/13
4
4 6 3 5 7
4 7 6 2 4
5 5 7 8 1 0
3 8 4 7
-1/5,3/5
3/5,6/5
2/5,6/5
0,1
1/5,14/15
0,1/3
2/3,1
1/2,1/2
9/13,14/13
